---
source: datafusion/core/tests/dataframe/dataframe_functions.rs
expression: actual_lines
---
- +-------------------------+
- "| right(test.a, Int32(3)) |"
- +-------------------------+
- "| DEF                     |"
- "| 123                     |"
- "| def                     |"
- "| Def                     |"
- +-------------------------+
