---
source: datafusion/core/tests/dataframe/dataframe_functions.rs
expression: actual_lines
---
- +--------------------------------------+
- "| array_to_string(test.l, Utf8(\"***\")) |"
- +--------------------------------------+
- "| 0***1***2                            |"
- "|                                      |"
- "| 3***5                                |"
- "| 6***7                                |"
- +--------------------------------------+
