---
source: datafusion/core/tests/dataframe/dataframe_functions.rs
expression: actual_lines
---
- +-----------------------------+
- "| encode(test.a, Utf8(\"hex\")) |"
- +-----------------------------+
- "| 616263444546                |"
- "| 616263313233                |"
- "| 434241646566                |"
- "| 313233416263446566          |"
- +-----------------------------+
