---
source: datafusion/core/tests/dataframe/dataframe_functions.rs
expression: actual_lines
---
- +----------------------------------------------------------+
- "| sha224(test.a)                                           |"
- +----------------------------------------------------------+
- "| 8b9ef961d2b19cfe7ee2a8452e3adeea98c7b22954b4073976bf80ee |"
- "| 5c69bb695cc29b93d655e1a4bb5656cda624080d686f74477ea09349 |"
- "| b3b3783b7470594e7ddb845eca0aec5270746dd6d0bc309bb948ceab |"
- "| fc8a30d59386d78053328440c6670c3b583404a905cbe9bbd491a517 |"
- +----------------------------------------------------------+
