---
source: datafusion/core/tests/dataframe/dataframe_functions.rs
expression: actual_lines
---
- +-------------------------+
- "| lpad(test.a, Int32(10)) |"
- +-------------------------+
- "|     abcDEF              |"
- "|     abc123              |"
- "|     CBAdef              |"
- "|  123AbcDef              |"
- +-------------------------+
