---
source: datafusion/core/tests/dataframe/dataframe_functions.rs
expression: actual_lines
---
- +---------------------------+
- "| btrim(test.a, Utf8(\"ab\")) |"
- +---------------------------+
- "| cDEF                      |"
- "| c123                      |"
- "| CBAdef                    |"
- "| 123AbcDef                 |"
- +---------------------------+
