---
source: datafusion/core/tests/dataframe/dataframe_functions.rs
expression: actual_lines
---
- +------------------------------------------------------------------------------------------------------------------+
- "| arrow_typeof(test.l)                                                                                             |"
- +------------------------------------------------------------------------------------------------------------------+
- "| List(Field { name: \"item\", data_type: Int32, nullable: true, dict_id: 0, dict_is_ordered: false, metadata: {} }) |"
- "| List(Field { name: \"item\", data_type: Int32, nullable: true, dict_id: 0, dict_is_ordered: false, metadata: {} }) |"
- "| List(Field { name: \"item\", data_type: Int32, nullable: true, dict_id: 0, dict_is_ordered: false, metadata: {} }) |"
- "| List(Field { name: \"item\", data_type: Int32, nullable: true, dict_id: 0, dict_is_ordered: false, metadata: {} }) |"
- +------------------------------------------------------------------------------------------------------------------+
