---
source: datafusion/core/tests/dataframe/dataframe_functions.rs
expression: actual_lines
---
- +-------------------------+
- "| rpad(test.a, Int32(11)) |"
- +-------------------------+
- "| abcDEF                  |"
- "| abc123                  |"
- "| CBAdef                  |"
- "| 123AbcDef               |"
- +-------------------------+
