---
source: datafusion/substrait/tests/cases/consumer_integration.rs
expression: plan_str
---
Projection: count(Int64(1)) PARTITION BY [DATA.PART] ORDER BY [DATA.ORD ASC NULLS LAST] ROWS BETWEEN 1 PRECEDING AND UNBOUNDED FOLLOWING AS LEAD_EXPR
  WindowAggr: windowExpr=[[count(Int64(1)) PARTITION BY [DATA.PART] ORDER BY [DATA.ORD ASC NULLS LAST] ROWS BETWEEN 1 PRECEDING AND UNBOUNDED FOLLOWING]]
    TableScan: DATA
