---
source: datafusion/substrait/tests/cases/consumer_integration.rs
expression: plan_str
---
Projection: LINEITEM.L_ORDERKEY, sum(LINEITEM.L_EXTENDEDPRICE * Int32(1) - LINEITEM.L_DISCOUNT) AS REVENUE, ORDERS.O_ORDERDATE, ORDERS.O_SHIPPRIORITY
  Limit: skip=0, fetch=10
    Sort: sum(LINEITEM.L_EXTENDEDPRICE * Int32(1) - LINEITEM.L_DISCOUNT) DESC NULLS FIRST, ORDERS.O_ORDERDATE ASC NULLS LAST
      Projection: LINEITEM.L_ORDERKEY, sum(LINEITEM.L_EXTENDEDPRICE * Int32(1) - LINEITEM.L_DISCOUNT), ORDERS.O_ORDERDATE, ORDERS.O_SHIPPRIORITY
        Aggregate: groupBy=[[LINEITEM.L_ORDERKEY, ORDERS.O_ORDERDATE, ORDERS.O_SHIPPRIORITY]], aggr=[[sum(LINEITEM.L_EXTENDEDPRICE * Int32(1) - LINEITEM.L_DISCOUNT)]]
          Projection: LINEITEM.L_ORDERKEY, ORDERS.O_ORDERDATE, ORDERS.O_SHIPPRIORITY, LINEITEM.L_EXTENDEDPRICE * (CAST(Int32(1) AS Decimal128(15, 2)) - LINEITEM.L_DISCOUNT)
            Filter: CUSTOMER.C_MKTSEGMENT = Utf8("BUILDING") AND CUSTOMER.C_CUSTKEY = ORDERS.O_CUSTKEY AND LINEITEM.L_ORDERKEY = ORDERS.O_ORDERKEY AND ORDERS.O_ORDERDATE < CAST(Utf8("1995-03-15") AS Date32) AND LINEITEM.L_SHIPDATE > CAST(Utf8("1995-03-15") AS Date32)
              Cross Join: 
                Cross Join: 
                  TableScan: LINEITEM
                  TableScan: CUSTOMER
                TableScan: ORDERS
