---
source: datafusion/substrait/tests/cases/consumer_integration.rs
expression: plan_str
---
Limit: skip=0, fetch=100
  Sort: SUPPLIER.S_ACCTBAL DESC NULLS FIRST, NATION.N_NAME ASC NULLS LAST, SUPPLIER.S_NAME ASC NULLS LAST, PART.P_PARTKEY ASC NULLS LAST
    Projection: SUPPLIER.S_ACCTBAL, SUPPLIER.S_NAME, NATION.N_NAME, PART.P_PARTKEY, PART.P_MFGR, SUPPLIER.S_ADDRESS, SUPPLIER.S_PHONE, SUPPLIER.S_COMMENT
      Filter: PART.P_PARTKEY = PARTSUPP.PS_PARTKEY AND SUPPLIER.S_SUPPKEY = PARTSUPP.PS_SUPPKEY AND PART.P_SIZE = Int32(15) AND PART.P_TYPE LIKE CAST(Utf8("%BRASS") AS Utf8) AND SUPPLIER.S_NATIONKEY = NATION.N_NATIONKEY AND NATION.N_REGIONKEY = REGION.R_REGIONKEY AND REGION.R_NAME = Utf8("EUROPE") AND PARTSUPP.PS_SUPPLYCOST = (<subquery>)
        Subquery:
          Aggregate: groupBy=[[]], aggr=[[min(PARTSUPP.PS_SUPPLYCOST)]]
            Projection: PARTSUPP.PS_SUPPLYCOST
              Filter: PARTSUPP.PS_PARTKEY = PARTSUPP.PS_PARTKEY AND SUPPLIER.S_SUPPKEY = PARTSUPP.PS_SUPPKEY AND SUPPLIER.S_NATIONKEY = NATION.N_NATIONKEY AND NATION.N_REGIONKEY = REGION.R_REGIONKEY AND REGION.R_NAME = Utf8("EUROPE")
                Cross Join: 
                  Cross Join: 
                    Cross Join: 
                      TableScan: PARTSUPP
                      TableScan: SUPPLIER
                    TableScan: NATION
                  TableScan: REGION
        Cross Join: 
          Cross Join: 
            Cross Join: 
              Cross Join: 
                TableScan: PART
                TableScan: SUPPLIER
              TableScan: PARTSUPP
            TableScan: NATION
          TableScan: REGION
