---
source: datafusion/core/tests/sql/path_partition.rs
expression: batches_to_sort_string(&result)
---
+------------+----------+----------------------+
| date       | count(*) | count(DISTINCT t.c1) |
+------------+----------+----------------------+
| 2021-10-26 | 100      | 5                    |
| 2021-10-27 | 100      | 5                    |
+------------+----------+----------------------+
