---
source: datafusion/core/tests/sql/select.rs
expression: batches_to_sort_string(&results)
---
+----+----+-------+
| c1 | c2 | c3    |
+----+----+-------+
| 3  | 1  | false |
| 3  | 10 | true  |
| 3  | 2  | true  |
| 3  | 3  | false |
| 3  | 4  | true  |
| 3  | 5  | false |
| 3  | 6  | true  |
| 3  | 7  | false |
| 3  | 8  | true  |
| 3  | 9  | false |
+----+----+-------+
