---
source: datafusion/core/tests/sql/select.rs
expression: batches_to_sort_string(&results)
---
+----+----+
| c1 | c2 |
+----+----+
| 1  | 1  |
| 1  | 10 |
| 1  | 2  |
| 1  | 3  |
| 1  | 4  |
| 1  | 5  |
| 1  | 6  |
| 1  | 7  |
| 1  | 8  |
| 1  | 9  |
| 2  | 1  |
| 2  | 10 |
| 2  | 2  |
| 2  | 3  |
| 2  | 4  |
| 2  | 5  |
| 2  | 6  |
| 2  | 7  |
| 2  | 8  |
| 2  | 9  |
+----+----+
