---
source: datafusion/core/tests/sql/path_partition.rs
expression: batches_to_sort_string(&result)
---
+----+----+------------+
| c1 | c2 | date       |
+----+----+------------+
| a  | 1  | 2021-10-28 |
| b  | 1  | 2021-10-28 |
| b  | 5  | 2021-10-28 |
| c  | 2  | 2021-10-28 |
| d  | 5  | 2021-10-28 |
+----+----+------------+
