---
source: datafusion-cli/tests/cli_integration.rs
info:
  program: datafusion-cli
  args:
    - "-q"
  stdin: "\\memory enable\nselect 1;\n\\memory show\n"
---
success: true
exit_code: 0
----- stdout -----
Memory profiling enabled for next query
+----------+
| Int64(1) |
+----------+
| 1        |
+----------+
DataFusion-Cli: 16
\q

----- stderr -----
