---
source: datafusion-cli/tests/cli_integration.rs
info:
  program: datafusion-cli
  args:
    - "-q"
  stdin: "\\memory_profiling enable\nselect 1;\n\\memory_profiling show\n"
---
success: true
exit_code: 0
----- stdout -----
Memory profiling enabled
+----------+
| Int64(1) |
+----------+
| 1        |
+----------+
Peak memory usage: XB
Cumulative allocations: XB
Memory usage by operator:
Other: XB

\q

----- stderr -----
