---
source: datafusion-cli/tests/cli_integration.rs
assertion_line: 290
info:
  program: datafusion-cli
  args:
    - "-q"
  stdin: "\\memory_profiling on\nselect 1;\n\\memory_profiling off\nselect 1;\n"
---
success: true
exit_code: 0
----- stdout -----
Memory profiling enabled
+----------+
| Int64(1) |
+----------+
| 1        |
+----------+
Peak memory usage: XB
Cumulative allocations: XB
Memory usage by operator:
Other: XB

Memory profiling disabled
+----------+
| Int64(1) |
+----------+
| 1        |
+----------+
\q

----- stderr -----

