---
source: datafusion-cli/tests/cli_integration.rs
info:
  program: datafusion-cli
  args:
    - "-q"
  stdin: "\\\n\\memory_profiling enable\nselect 1;\n\\memory_profiling disable\nselect 1;\n"
---
success: true
exit_code: 0
----- stdout -----
Memory profiling enabled
+----------+
| Int64(1) |
+----------+
| 1        |
+----------+
Peak memory usage: XB
Cumulative allocations: XB
Memory usage by operator:
Other: XB

Memory profiling disabled
+----------+
| Int64(1) |
+----------+
| 1        |
+----------+
\q

----- stderr -----
'\' is not a valid command
