---
source: datafusion-cli/tests/cli_integration.rs
info:
  program: datafusion-cli
  args:
    - "--command"
    - select 1; select 2;
    - "-q"
---
success: true
exit_code: 0
----- stdout -----
+----------+
| Int64(1) |
+----------+
| 1        |
+----------+
Peak memory usage: 8.0 B
Cumulative allocations: 8.0 B
Memory usage by operator:
Other: 8.0 B

+----------+
| Int64(2) |
+----------+
| 2        |
+----------+
Peak memory usage: 8.0 B
Cumulative allocations: 16.0 B
Memory usage by operator:
Other: 16.0 B


----- stderr -----
