---
source: datafusion/core/tests/user_defined/user_defined_table_functions.rs
expression: fmt_batches(&rbs)
---
+-------------+-----------+-------------+-------------------------------------------------------------------------------------------------------------+
| n_nationkey | n_name    | n_regionkey | n_comment                                                                                                   |
+-------------+-----------+-------------+-------------------------------------------------------------------------------------------------------------+
| 1           | ARGENTINA | 1           | al foxes promise slyly according to the regular accounts. bold requests alon                                |
| 2           | BRAZIL    | 1           | y alongside of the pending deposits. carefully special packages are about the ironic forges. slyly special  |
| 3           | CANADA    | 1           | eas hang ironic, silent packages. slyly regular packages are furiously over the tithes. fluffily bold       |
| 4           | EGYPT     | 4           | y above the carefully unusual theodolites. final dugouts are quickly across the furiously regular d         |
| 5           | ETHIOPIA  | 0           | ven packages wake quickly. regu                                                                             |
+-------------+-----------+-------------+-------------------------------------------------------------------------------------------------------------+
