---
source: datafusion/core/tests/user_defined/user_defined_aggregates.rs
expression: fmt_batches(&actual)
---
+---------------------------------------+
| sum(arrow_cast(t.time,Utf8("Int64"))) |
+---------------------------------------+
| 19000                                 |
+---------------------------------------+
