---
source: datafusion/core/tests/user_defined/user_defined_scalar_functions.rs
expression: fmt_batches(&actual)
---
+------------------------------------------+
| avg(custom_sqrt(aggregate_test_100.c11)) |
+------------------------------------------+
| 0.6584408483418835                       |
+------------------------------------------+
