---
source: datafusion/core/tests/user_defined/user_defined_plan.rs
description: MyAnalyzerRule
expression: actual
---
+------------+--------------------------+
| UInt64(42) | arrow_typeof(UInt64(42)) |
+------------+--------------------------+
| 42         | UInt64                   |
+------------+--------------------------+
